
> sauna-spa-engine@0.1.0 build
> prisma generate && next build

node.exe : warn The configuration property `package.json#prisma` is deprecated and will be removed in 
Prisma 7. Please migrate to a Prisma config file (e.g., `prisma.config.ts`).
At line:1 char:1
+ & "C:\Program Files\nodejs/node.exe" "C:\Program Files\nodejs/node_mo ...
+ ~~~~~~~~~~~~~~~~~~~~~~~~~~~~~~~~~~~~~~~~~~~~~~~~~~~~~~~~~~~~~~~~~~~~~
    + CategoryInfo          : NotSpecified: (warn The config...ma.config.ts`).:String) [], RemoteExceptio 
   n
    + FullyQualifiedErrorId : NativeCommandError
 
For more information, see: https://pris.ly/prisma-config

Environment variables loaded from .env
Prisma schema loaded from prisma\schema.prisma
Error: 
EPERM: operation not permitted, rename 'F:\Joe\GetRwanda\2026\Sauna SPA Stitch 
V1\sauna-spa-engine\node_modules\.prisma\client\query_engine-windows.dll.node.tmp14068' -> 
'F:\Joe\GetRwanda\2026\Sauna SPA Stitch 
V1\sauna-spa-engine\node_modules\.prisma\client\query_engine-windows.dll.node'


